// Jest Snapshot v1, https://goo.gl/fbAQLP

exports[`<ReContainer/> Creates basic snapshot 1`] = `
<div
  style={
    Object {
      "height": "100vh",
      "position": "relative",
      "width": "100%",
    }
  }
>
  <ReContainer
    damping={0.8}
    mass={0.7}
    max={5}
    trigger={false}
  >
    <ReCard
      height={400}
      key="0"
      metaData={Object {}}
      width={300}
    >
      1
    </ReCard>
    <ReCard
      height={400}
      key="1"
      metaData={Object {}}
      width={300}
    >
      2
    </ReCard>
    <ReCard
      height={400}
      key="2"
      metaData={Object {}}
      width={300}
    >
      3
    </ReCard>
    <ReCard
      height={400}
      key="3"
      metaData={Object {}}
      width={300}
    >
      4
    </ReCard>
    <ReCard
      height={400}
      key="4"
      metaData={Object {}}
      width={300}
    >
      5
    </ReCard>
  </ReContainer>
</div>
`;
